// Jest Snapshot v1, https://goo.gl/fbAQLP

exports[`A Component should match snapshot 1`] = `
<div>
  <div>
    Hello
  </div>
</div>
`;
